D:/STUDY/HUST/Subject/Nhúng/TouchGFXProject/MyMouse/Core/Src/main.c:974:13:SPI5_Write	16	static
D:/STUDY/HUST/Subject/Nhúng/TouchGFXProject/MyMouse/Core/Src/main.c:1086:6:StartDefaultTask	8	static
D:/STUDY/HUST/Subject/Nhúng/TouchGFXProject/MyMouse/Core/Src/main.c:156:6:HAL_GPIO_EXTI_Callback	0	static
D:/STUDY/HUST/Subject/Nhúng/TouchGFXProject/MyMouse/Core/Src/main.c:261:6:SystemClock_Config	96	static
D:/STUDY/HUST/Subject/Nhúng/TouchGFXProject/MyMouse/Core/Src/main.c:167:5:main	120	static
D:/STUDY/HUST/Subject/Nhúng/TouchGFXProject/MyMouse/Core/Src/main.c:818:6:IOE_Init	0	static
D:/STUDY/HUST/Subject/Nhúng/TouchGFXProject/MyMouse/Core/Src/main.c:827:6:IOE_ITConfig	0	static
D:/STUDY/HUST/Subject/Nhúng/TouchGFXProject/MyMouse/Core/Src/main.c:839:6:IOE_Write	32	static
D:/STUDY/HUST/Subject/Nhúng/TouchGFXProject/MyMouse/Core/Src/main.c:850:9:IOE_Read	32	static
D:/STUDY/HUST/Subject/Nhúng/TouchGFXProject/MyMouse/Core/Src/main.c:863:10:IOE_ReadMultiple	24	static
D:/STUDY/HUST/Subject/Nhúng/TouchGFXProject/MyMouse/Core/Src/main.c:872:6:IOE_Delay	0	static
D:/STUDY/HUST/Subject/Nhúng/TouchGFXProject/MyMouse/Core/Src/main.c:1000:6:LCD_IO_Init	8	static
D:/STUDY/HUST/Subject/Nhúng/TouchGFXProject/MyMouse/Core/Src/main.c:1010:6:LCD_IO_WriteData	16	static
D:/STUDY/HUST/Subject/Nhúng/TouchGFXProject/MyMouse/Core/Src/main.c:1026:6:LCD_IO_WriteReg	16	static
D:/STUDY/HUST/Subject/Nhúng/TouchGFXProject/MyMouse/Core/Src/main.c:1045:10:LCD_IO_ReadData	32	static
D:/STUDY/HUST/Subject/Nhúng/TouchGFXProject/MyMouse/Core/Src/main.c:1072:6:LCD_Delay	0	static
D:/STUDY/HUST/Subject/Nhúng/TouchGFXProject/MyMouse/Core/Src/main.c:1111:6:HAL_TIM_PeriodElapsedCallback	0	static
D:/STUDY/HUST/Subject/Nhúng/TouchGFXProject/MyMouse/Core/Src/main.c:1129:6:Error_Handler	0	static
