D:/STUDY/HUST/Subject/Nhúng/TouchGFXProject/MyMouse/Core/Src/main.c:974:13:SPI5_Write	1
D:/STUDY/HUST/Subject/Nhúng/TouchGFXProject/MyMouse/Core/Src/main.c:1086:6:StartDefaultTask	1
D:/STUDY/HUST/Subject/Nhúng/TouchGFXProject/MyMouse/Core/Src/main.c:156:6:HAL_GPIO_EXTI_Callback	1
D:/STUDY/HUST/Subject/Nhúng/TouchGFXProject/MyMouse/Core/Src/main.c:261:6:SystemClock_Config	1
D:/STUDY/HUST/Subject/Nhúng/TouchGFXProject/MyMouse/Core/Src/main.c:167:5:main	2
D:/STUDY/HUST/Subject/Nhúng/TouchGFXProject/MyMouse/Core/Src/main.c:818:6:IOE_Init	1
D:/STUDY/HUST/Subject/Nhúng/TouchGFXProject/MyMouse/Core/Src/main.c:827:6:IOE_ITConfig	1
D:/STUDY/HUST/Subject/Nhúng/TouchGFXProject/MyMouse/Core/Src/main.c:839:6:IOE_Write	1
D:/STUDY/HUST/Subject/Nhúng/TouchGFXProject/MyMouse/Core/Src/main.c:850:9:IOE_Read	1
D:/STUDY/HUST/Subject/Nhúng/TouchGFXProject/MyMouse/Core/Src/main.c:863:10:IOE_ReadMultiple	1
D:/STUDY/HUST/Subject/Nhúng/TouchGFXProject/MyMouse/Core/Src/main.c:872:6:IOE_Delay	1
D:/STUDY/HUST/Subject/Nhúng/TouchGFXProject/MyMouse/Core/Src/main.c:1000:6:LCD_IO_Init	1
D:/STUDY/HUST/Subject/Nhúng/TouchGFXProject/MyMouse/Core/Src/main.c:1010:6:LCD_IO_WriteData	1
D:/STUDY/HUST/Subject/Nhúng/TouchGFXProject/MyMouse/Core/Src/main.c:1026:6:LCD_IO_WriteReg	1
D:/STUDY/HUST/Subject/Nhúng/TouchGFXProject/MyMouse/Core/Src/main.c:1045:10:LCD_IO_ReadData	1
D:/STUDY/HUST/Subject/Nhúng/TouchGFXProject/MyMouse/Core/Src/main.c:1072:6:LCD_Delay	1
D:/STUDY/HUST/Subject/Nhúng/TouchGFXProject/MyMouse/Core/Src/main.c:1111:6:HAL_TIM_PeriodElapsedCallback	2
D:/STUDY/HUST/Subject/Nhúng/TouchGFXProject/MyMouse/Core/Src/main.c:1129:6:Error_Handler	1
