D:/STUDY/HUST/Subject/Nhúng/TouchGFXProject/MyMouse/Core/Src/stm32f4xx_it.c:74:6:NMI_Handler	0	static
D:/STUDY/HUST/Subject/Nhúng/TouchGFXProject/MyMouse/Core/Src/stm32f4xx_it.c:87:6:HardFault_Handler	0	static
D:/STUDY/HUST/Subject/Nhúng/TouchGFXProject/MyMouse/Core/Src/stm32f4xx_it.c:102:6:MemManage_Handler	0	static
D:/STUDY/HUST/Subject/Nhúng/TouchGFXProject/MyMouse/Core/Src/stm32f4xx_it.c:117:6:BusFault_Handler	0	static
D:/STUDY/HUST/Subject/Nhúng/TouchGFXProject/MyMouse/Core/Src/stm32f4xx_it.c:132:6:UsageFault_Handler	0	static
D:/STUDY/HUST/Subject/Nhúng/TouchGFXProject/MyMouse/Core/Src/stm32f4xx_it.c:147:6:DebugMon_Handler	0	static
D:/STUDY/HUST/Subject/Nhúng/TouchGFXProject/MyMouse/Core/Src/stm32f4xx_it.c:167:6:EXTI9_5_IRQHandler	8	static
D:/STUDY/HUST/Subject/Nhúng/TouchGFXProject/MyMouse/Core/Src/stm32f4xx_it.c:183:6:TIM6_DAC_IRQHandler	0	static
D:/STUDY/HUST/Subject/Nhúng/TouchGFXProject/MyMouse/Core/Src/stm32f4xx_it.c:197:6:OTG_HS_IRQHandler	0	static
D:/STUDY/HUST/Subject/Nhúng/TouchGFXProject/MyMouse/Core/Src/stm32f4xx_it.c:211:6:LTDC_IRQHandler	0	static
D:/STUDY/HUST/Subject/Nhúng/TouchGFXProject/MyMouse/Core/Src/stm32f4xx_it.c:225:6:DMA2D_IRQHandler	0	static
